// Jest Snapshot v1, https://goo.gl/fbAQLP

exports[`Backdrop should render correctly 1`] = `
<DocumentFragment>
  <div
    class="react-navigation__backdrop"
    data-testid="backdrop"
    role="none"
  />
</DocumentFragment>
`;
