// Jest Snapshot v1, https://goo.gl/fbAQLP

exports[`useNavigation Hook should provide navigation 1`] = `
<DocumentFragment>
  {"drawer":{"isOpen":"false","toggle":"function","open":"function","close":"function"}}
</DocumentFragment>
`;
